// Jest Snapshot v1, https://goo.gl/fbAQLP

exports[`matches snapshot 1`] = `
<DocumentFragment>
  <div
    class="Card"
  >
    <h4
      class="Card-title"
    >
        
    </h4>
     
    <img
      class="Card-image"
    />
     
    <small
      class="Card-small"
    >
      Image of . 
    </small>
     
  </div>
</DocumentFragment>
`;
